# Meteor packages used by this project, one per line.
#
# 'meteor add' and 'meteor remove' will edit this file for you,
# but you can also edit it by hand.

# Server
meteor-base@1.5.1               # Packages every Meteor app needs to have
blaze-html-templates            # Compile .html files into Meteor Blaze views
base64@1.0.12
email@2.2.0
iron:router
meteorhacks:ssr
shell-server@0.5.0              # Server-side component of the `meteor shell` command
kadira:dochead
session@1.2.0
underscore@1.0.10
mdg:validation-error
dynamic-import@0.7.2

# Accounts
accounts-password@2.2.0
accounts-base@2.2.0
accounts-facebook@1.3.3
accounts-google@1.4.0
accounts-github@1.5.0
facebook-config-ui@1.0.3
google-config-ui@1.0.3
github-config-ui@1.0.2
service-configuration@1.3.0

# UI
reactive-var@1.0.11             # Reactive variable for tracker
fortawesome:fontawesome
bevanhunt:leaflet
fourseven:scss
lookback:tooltips
jquery
markdown

# SEO
mdg:seo
gadicohen:robots-txt
gadicohen:sitemaps

# Build
es5-shim@4.8.0                  # ECMAScript 5 compatibility for older browsers
ecmascript@0.16.0               # Enable ECMAScript2015+ syntax in app code
standard-minifier-js@2.7.1      # JS minifier run for production mode
juliancwirko:postcss            # Enables PostCSS and Autoprefixer for bootstrap

# DEV
msavin:mongol
typescript@4.4.0

# Test
meteortesting:mocha@2.0.1       # A package for writing and running your meteor app and package tests with mocha
